2026-07-11T23:15:27.694+05:30  INFO 18564 --- [restartedMain] c.docusphere.backend.BackendApplication  : Starting BackendApplication using Java 21.0.10 with PID 18564 (C:\Users\nirov\OneDrive\Desktop\finally\Docusphere-Backend\target\classes started by nirov in C:\Users\nirov\OneDrive\Desktop\finally\Docusphere-Backend)
2026-07-11T23:15:27.694+05:30  INFO 18564 --- [restartedMain] c.docusphere.backend.BackendApplication  : No active profile set, falling back to 1 default profile: "default"
2026-07-11T23:15:27.774+05:30  INFO 18564 --- [restartedMain] .e.DevToolsPropertyDefaultsPostProcessor : Devtools property defaults active! Set 'spring.devtools.add-properties' to 'false' to disable
2026-07-11T23:15:27.809+05:30  INFO 18564 --- [restartedMain] .e.DevToolsPropertyDefaultsPostProcessor : For additional web related logging consider setting the 'logging.level.web' property to 'DEBUG'
2026-07-11T23:15:29.769+05:30  INFO 18564 --- [restartedMain] .s.d.r.c.RepositoryConfigurationDelegate : Bootstrapping Spring Data JPA repositories in DEFAULT mode.
2026-07-11T23:15:29.972+05:30  INFO 18564 --- [restartedMain] .s.d.r.c.RepositoryConfigurationDelegate : Finished Spring Data repository scanning in 190 ms. Found 19 JPA repository interfaces.
2026-07-11T23:15:30.957+05:30  INFO 18564 --- [restartedMain] o.s.b.w.embedded.tomcat.TomcatWebServer  : Tomcat initialized with port 8080 (http)
2026-07-11T23:15:30.975+05:30  INFO 18564 --- [restartedMain] o.apache.catalina.core.StandardService   : Starting service [Tomcat]
2026-07-11T23:15:30.975+05:30  INFO 18564 --- [restartedMain] o.apache.catalina.core.StandardEngine    : Starting Servlet engine: [Apache Tomcat/10.1.52]
2026-07-11T23:15:31.085+05:30  INFO 18564 --- [restartedMain] o.a.c.c.C.[Tomcat].[localhost].[/]       : Initializing Spring embedded WebApplicationContext
2026-07-11T23:15:31.085+05:30  INFO 18564 --- [restartedMain] w.s.c.ServletWebServerApplicationContext : Root WebApplicationContext: initialization completed in 3276 ms
2026-07-11T23:15:31.512+05:30  INFO 18564 --- [restartedMain] com.zaxxer.hikari.HikariDataSource       : HikariPool-1 - Starting...
2026-07-11T23:15:32.717+05:30  INFO 18564 --- [restartedMain] com.zaxxer.hikari.pool.HikariPool        : HikariPool-1 - Added connection org.postgresql.jdbc.PgConnection@4af7473b
2026-07-11T23:15:32.717+05:30  INFO 18564 --- [restartedMain] com.zaxxer.hikari.HikariDataSource       : HikariPool-1 - Start completed.
2026-07-11T23:15:32.841+05:30  INFO 18564 --- [restartedMain] org.flywaydb.core.FlywayExecutor         : Database: jdbc:postgresql://aws-1-ap-south-1.pooler.supabase.com:5432/postgres?sslmode=require&prepareThreshold=0 (PostgreSQL 17.6)
2026-07-11T23:15:32.877+05:30  INFO 18564 --- [restartedMain] o.f.c.i.resource.ResourceNameValidator   : 1 SQL migrations were detected but not run because they did not follow the filename convention.
2026-07-11T23:15:32.877+05:30  INFO 18564 --- [restartedMain] o.f.c.i.resource.ResourceNameValidator   : Set 'validateMigrationNaming' to true to fail fast and see a list of the invalid file names.
2026-07-11T23:15:35.123+05:30  INFO 18564 --- [restartedMain] o.f.core.internal.command.DbMigrate      : Current version of schema "public": 44
2026-07-11T23:15:35.127+05:30  WARN 18564 --- [restartedMain] o.f.core.internal.command.DbMigrate      : Schema "public" has a version (44) that is newer than the latest available migration (4) !
2026-07-11T23:15:35.200+05:30  INFO 18564 --- [restartedMain] o.f.core.internal.command.DbMigrate      : Schema "public" is up to date. No migration necessary.
2026-07-11T23:15:35.798+05:30  INFO 18564 --- [restartedMain] o.hibernate.jpa.internal.util.LogHelper  : HHH000204: Processing PersistenceUnitInfo [name: default]
2026-07-11T23:15:35.907+05:30  INFO 18564 --- [restartedMain] org.hibernate.Version                    : HHH000412: Hibernate ORM core version 6.6.44.Final
2026-07-11T23:15:35.977+05:30  INFO 18564 --- [restartedMain] o.h.c.internal.RegionFactoryInitiator    : HHH000026: Second-level cache disabled
2026-07-11T23:15:36.363+05:30  INFO 18564 --- [restartedMain] o.s.o.j.p.SpringPersistenceUnitInfo      : No LoadTimeWeaver setup: ignoring JPA class transformer
2026-07-11T23:15:36.664+05:30  WARN 18564 --- [restartedMain] org.hibernate.orm.deprecation            : HHH90000025: PostgreSQLDialect does not need to be specified explicitly using 'hibernate.dialect' (remove the property setting and it will be selected by default)
2026-07-11T23:15:36.829+05:30  INFO 18564 --- [restartedMain] org.hibernate.orm.connections.pooling    : HHH10001005: Database info:
	Database JDBC URL [Connecting through datasource 'HikariDataSource (HikariPool-1)']
	Database driver: undefined/unknown
	Database version: 17.6
	Autocommit mode: undefined/unknown
	Isolation level: undefined/unknown
	Minimum pool size: undefined/unknown
	Maximum pool size: undefined/unknown
2026-07-11T23:15:38.618+05:30  INFO 18564 --- [restartedMain] o.h.e.t.j.p.i.JtaPlatformInitiator       : HHH000489: No JTA platform available (set 'hibernate.transaction.jta.platform' to enable JTA platform integration)
2026-07-11T23:15:39.128+05:30  INFO 18564 --- [restartedMain] j.LocalContainerEntityManagerFactoryBean : Initialized JPA EntityManagerFactory for persistence unit 'default'
2026-07-11T23:15:39.606+05:30  INFO 18564 --- [restartedMain] o.s.d.j.r.query.QueryEnhancerFactory     : Hibernate is in classpath; If applicable, HQL parser will be used.
2026-07-11T23:15:41.854+05:30  INFO 18564 --- [restartedMain] eAuthenticationProviderManagerConfigurer : Global AuthenticationManager configured with AuthenticationProvider bean with name daoAuthenticationProvider
2026-07-11T23:15:41.854+05:30  WARN 18564 --- [restartedMain] r$InitializeUserDetailsManagerConfigurer : Global AuthenticationManager configured with an AuthenticationProvider bean. UserDetailsService beans will not be used by Spring Security for automatically configuring username/password login. Consider removing the AuthenticationProvider bean. Alternatively, consider using the UserDetailsService in a manually instantiated DaoAuthenticationProvider. If the current configuration is intentional, to turn off this warning, increase the logging level of 'org.springframework.security.config.annotation.authentication.configuration.InitializeUserDetailsBeanManagerConfigurer' to ERROR
2026-07-11T23:15:43.125+05:30  WARN 18564 --- [restartedMain] JpaBaseConfiguration$JpaWebConfiguration : spring.jpa.open-in-view is enabled by default. Therefore, database queries may be performed during view rendering. Explicitly configure spring.jpa.open-in-view to disable this warning
2026-07-11T23:15:43.937+05:30  INFO 18564 --- [restartedMain] o.s.b.a.e.web.EndpointLinksResolver      : Exposing 1 endpoint beneath base path '/actuator'
2026-07-11T23:15:44.241+05:30 DEBUG 18564 --- [restartedMain] o.s.s.web.DefaultSecurityFilterChain     : Will secure any request with filters: DisableEncodeUrlFilter, WebAsyncManagerIntegrationFilter, SecurityContextHolderFilter, HeaderWriterFilter, CorsFilter, LogoutFilter, OAuth2AuthorizationRequestRedirectFilter, OAuth2LoginAuthenticationFilter, JwtAuthenticationFilter, RequestCacheAwareFilter, SecurityContextHolderAwareRequestFilter, AnonymousAuthenticationFilter, SessionManagementFilter, ExceptionTranslationFilter, AuthorizationFilter
2026-07-11T23:15:45.007+05:30  INFO 18564 --- [restartedMain] o.s.b.d.a.OptionalLiveReloadServer       : LiveReload server is running on port 35729
2026-07-11T23:15:45.099+05:30  INFO 18564 --- [restartedMain] o.s.m.s.b.SimpleBrokerMessageHandler     : Starting...
2026-07-11T23:15:45.099+05:30  INFO 18564 --- [restartedMain] o.s.m.s.b.SimpleBrokerMessageHandler     : BrokerAvailabilityEvent[available=true, SimpleBrokerMessageHandler [org.springframework.messaging.simp.broker.DefaultSubscriptionRegistry@32fc54b7]]
2026-07-11T23:15:45.103+05:30  INFO 18564 --- [restartedMain] o.s.m.s.b.SimpleBrokerMessageHandler     : Started.
2026-07-11T23:15:45.125+05:30  INFO 18564 --- [restartedMain] o.s.b.w.embedded.tomcat.TomcatWebServer  : Tomcat started on port 8080 (http) with context path '/'
2026-07-11T23:15:45.140+05:30  INFO 18564 --- [restartedMain] o.s.s.config.TaskSchedulerRouter         : More than one TaskScheduler bean exists within the context, and none is named 'taskScheduler'. Mark one of them as primary or name it 'taskScheduler' (possibly as an alias); or implement the SchedulingConfigurer interface and call ScheduledTaskRegistrar#setScheduler explicitly within the configureTasks() callback: [messageBrokerTaskScheduler, webSocketTaskScheduler]
2026-07-11T23:15:45.143+05:30  INFO 18564 --- [restartedMain] c.docusphere.backend.BackendApplication  : Started BackendApplication in 18.113 seconds (process running for 18.955)
2026-07-11T23:15:45.658+05:30  INFO 18564 --- [restartedMain] c.d.b.n.c.NotificationSchemaInitializer  : Notification schema verified (audience column present)
2026-07-11T23:15:55.125+05:30  INFO 18564 --- [http-nio-8080-exec-1] o.a.c.c.C.[Tomcat].[localhost].[/]       : Initializing Spring DispatcherServlet 'dispatcherServlet'
2026-07-11T23:15:55.127+05:30  INFO 18564 --- [http-nio-8080-exec-1] o.s.web.servlet.DispatcherServlet        : Initializing Servlet 'dispatcherServlet'
2026-07-11T23:15:55.133+05:30  INFO 18564 --- [http-nio-8080-exec-1] o.s.web.servlet.DispatcherServlet        : Completed initialization in 0 ms
2026-07-11T23:15:55.231+05:30 DEBUG 18564 --- [http-nio-8080-exec-1] o.s.security.web.FilterChainProxy        : Securing GET /api/auth/me
2026-07-11T23:15:56.090+05:30 DEBUG 18564 --- [http-nio-8080-exec-1] o.s.security.web.FilterChainProxy        : Secured GET /api/auth/me
2026-07-11T23:15:56.592+05:30 DEBUG 18564 --- [http-nio-8080-exec-3] o.s.security.web.FilterChainProxy        : Securing GET /api/auth/me
2026-07-11T23:15:56.744+05:30 DEBUG 18564 --- [http-nio-8080-exec-3] o.s.security.web.FilterChainProxy        : Secured GET /api/auth/me
2026-07-11T23:15:58.654+05:30 DEBUG 18564 --- [http-nio-8080-exec-4] o.s.security.web.FilterChainProxy        : Securing GET /api/admin/notifications?page=0&pageSize=20
2026-07-11T23:15:58.654+05:30 DEBUG 18564 --- [http-nio-8080-exec-2] o.s.security.web.FilterChainProxy        : Securing GET /api/auth/me
2026-07-11T23:15:58.875+05:30 DEBUG 18564 --- [http-nio-8080-exec-2] o.s.security.web.FilterChainProxy        : Secured GET /api/auth/me
2026-07-11T23:15:58.888+05:30 DEBUG 18564 --- [http-nio-8080-exec-4] o.s.security.web.FilterChainProxy        : Secured GET /api/admin/notifications?page=0&pageSize=20
2026-07-11T23:15:58.899+05:30 DEBUG 18564 --- [http-nio-8080-exec-4] horizationManagerBeforeMethodInterceptor : Authorizing method invocation ReflectiveMethodInvocation: public org.springframework.http.ResponseEntity com.docusphere.backend.notification.controller.AdminNotificationController.list(jakarta.servlet.http.HttpServletRequest,int,int); target is of class [com.docusphere.backend.notification.controller.AdminNotificationController]
2026-07-11T23:15:58.924+05:30 DEBUG 18564 --- [http-nio-8080-exec-4] horizationManagerBeforeMethodInterceptor : Authorized method invocation ReflectiveMethodInvocation: public org.springframework.http.ResponseEntity com.docusphere.backend.notification.controller.AdminNotificationController.list(jakarta.servlet.http.HttpServletRequest,int,int); target is of class [com.docusphere.backend.notification.controller.AdminNotificationController]
2026-07-11T23:15:59.164+05:30 DEBUG 18564 --- [http-nio-8080-exec-6] o.s.security.web.FilterChainProxy        : Securing GET /api/admin/notifications?page=0&pageSize=20
2026-07-11T23:15:59.168+05:30 DEBUG 18564 --- [http-nio-8080-exec-5] o.s.security.web.FilterChainProxy        : Securing GET /api/admin/notifications/unread-count
2026-07-11T23:15:59.215+05:30 DEBUG 18564 --- [http-nio-8080-exec-8] o.s.security.web.FilterChainProxy        : Securing GET /api/my-documents?page=0&size=1&sortBy=updatedAt&sortDirection=DESC&recentDays=7
2026-07-11T23:15:59.215+05:30 DEBUG 18564 --- [http-nio-8080-exec-7] o.s.security.web.FilterChainProxy        : Securing GET /api/my-documents?page=0&size=1&sortBy=updatedAt&sortDirection=DESC
2026-07-11T23:15:59.215+05:30 DEBUG 18564 --- [http-nio-8080-exec-9] o.s.security.web.FilterChainProxy        : Securing GET /api/my-documents?page=0&size=1&sortBy=updatedAt&sortDirection=DESC&starred=true
2026-07-11T23:15:59.225+05:30 DEBUG 18564 --- [http-nio-8080-exec-10] o.s.security.web.FilterChainProxy        : Securing GET /api/my-documents?page=0&size=10&sortBy=updatedAt&sortDirection=DESC&recentDays=7
2026-07-11T23:15:59.325+05:30 DEBUG 18564 --- [http-nio-8080-exec-6] o.s.security.web.FilterChainProxy        : Secured GET /api/admin/notifications?page=0&pageSize=20
2026-07-11T23:15:59.325+05:30 DEBUG 18564 --- [http-nio-8080-exec-5] o.s.security.web.FilterChainProxy        : Secured GET /api/admin/notifications/unread-count
2026-07-11T23:15:59.328+05:30 DEBUG 18564 --- [http-nio-8080-exec-6] horizationManagerBeforeMethodInterceptor : Authorizing method invocation ReflectiveMethodInvocation: public org.springframework.http.ResponseEntity com.docusphere.backend.notification.controller.AdminNotificationController.list(jakarta.servlet.http.HttpServletRequest,int,int); target is of class [com.docusphere.backend.notification.controller.AdminNotificationController]
2026-07-11T23:15:59.328+05:30 DEBUG 18564 --- [http-nio-8080-exec-5] horizationManagerBeforeMethodInterceptor : Authorizing method invocation ReflectiveMethodInvocation: public org.springframework.http.ResponseEntity com.docusphere.backend.notification.controller.AdminNotificationController.unreadCount(jakarta.servlet.http.HttpServletRequest); target is of class [com.docusphere.backend.notification.controller.AdminNotificationController]
2026-07-11T23:15:59.330+05:30 DEBUG 18564 --- [http-nio-8080-exec-6] horizationManagerBeforeMethodInterceptor : Authorized method invocation ReflectiveMethodInvocation: public org.springframework.http.ResponseEntity com.docusphere.backend.notification.controller.AdminNotificationController.list(jakarta.servlet.http.HttpServletRequest,int,int); target is of class [com.docusphere.backend.notification.controller.AdminNotificationController]
2026-07-11T23:15:59.333+05:30 DEBUG 18564 --- [http-nio-8080-exec-5] horizationManagerBeforeMethodInterceptor : Authorized method invocation ReflectiveMethodInvocation: public org.springframework.http.ResponseEntity com.docusphere.backend.notification.controller.AdminNotificationController.unreadCount(jakarta.servlet.http.HttpServletRequest); target is of class [com.docusphere.backend.notification.controller.AdminNotificationController]
2026-07-11T23:15:59.456+05:30 DEBUG 18564 --- [http-nio-8080-exec-7] o.s.security.web.FilterChainProxy        : Secured GET /api/my-documents?page=0&size=1&sortBy=updatedAt&sortDirection=DESC
2026-07-11T23:15:59.463+05:30 DEBUG 18564 --- [http-nio-8080-exec-9] o.s.security.web.FilterChainProxy        : Secured GET /api/my-documents?page=0&size=1&sortBy=updatedAt&sortDirection=DESC&starred=true
2026-07-11T23:15:59.463+05:30 DEBUG 18564 --- [http-nio-8080-exec-10] o.s.security.web.FilterChainProxy        : Secured GET /api/my-documents?page=0&size=10&sortBy=updatedAt&sortDirection=DESC&recentDays=7
2026-07-11T23:15:59.591+05:30 DEBUG 18564 --- [http-nio-8080-exec-8] o.s.security.web.FilterChainProxy        : Secured GET /api/my-documents?page=0&size=1&sortBy=updatedAt&sortDirection=DESC&recentDays=7
2026-07-11T23:15:59.671+05:30 DEBUG 18564 --- [http-nio-8080-exec-1] o.s.security.web.FilterChainProxy        : Securing GET /api/my-documents?page=0&size=10&sortBy=updatedAt&sortDirection=DESC&starred=true
2026-07-11T23:15:59.684+05:30 DEBUG 18564 --- [http-nio-8080-exec-3] o.s.security.web.FilterChainProxy        : Securing GET /api/admin/notifications/unread-count
2026-07-11T23:15:59.997+05:30 DEBUG 18564 --- [http-nio-8080-exec-4] o.s.security.web.FilterChainProxy        : Securing GET /api/my-documents?page=0&size=1&sortBy=updatedAt&sortDirection=DESC
2026-07-11T23:15:59.997+05:30 DEBUG 18564 --- [http-nio-8080-exec-2] o.s.security.web.FilterChainProxy        : Securing GET /api/my-documents?page=0&size=1&sortBy=updatedAt&sortDirection=DESC&recentDays=7
2026-07-11T23:16:00.065+05:30 DEBUG 18564 --- [http-nio-8080-exec-6] o.s.security.web.FilterChainProxy        : Securing GET /api/my-documents?page=0&size=1&sortBy=updatedAt&sortDirection=DESC&starred=true
2026-07-11T23:16:00.084+05:30 DEBUG 18564 --- [http-nio-8080-exec-1] o.s.security.web.FilterChainProxy        : Secured GET /api/my-documents?page=0&size=10&sortBy=updatedAt&sortDirection=DESC&starred=true
2026-07-11T23:16:00.124+05:30 DEBUG 18564 --- [http-nio-8080-exec-3] o.s.security.web.FilterChainProxy        : Secured GET /api/admin/notifications/unread-count
2026-07-11T23:16:00.124+05:30 DEBUG 18564 --- [http-nio-8080-exec-3] horizationManagerBeforeMethodInterceptor : Authorizing method invocation ReflectiveMethodInvocation: public org.springframework.http.ResponseEntity com.docusphere.backend.notification.controller.AdminNotificationController.unreadCount(jakarta.servlet.http.HttpServletRequest); target is of class [com.docusphere.backend.notification.controller.AdminNotificationController]
2026-07-11T23:16:00.129+05:30 DEBUG 18564 --- [http-nio-8080-exec-3] horizationManagerBeforeMethodInterceptor : Authorized method invocation ReflectiveMethodInvocation: public org.springframework.http.ResponseEntity com.docusphere.backend.notification.controller.AdminNotificationController.unreadCount(jakarta.servlet.http.HttpServletRequest); target is of class [com.docusphere.backend.notification.controller.AdminNotificationController]
2026-07-11T23:16:00.157+05:30 DEBUG 18564 --- [http-nio-8080-exec-2] o.s.security.web.FilterChainProxy        : Secured GET /api/my-documents?page=0&size=1&sortBy=updatedAt&sortDirection=DESC&recentDays=7
2026-07-11T23:16:00.207+05:30 DEBUG 18564 --- [http-nio-8080-exec-4] o.s.security.web.FilterChainProxy        : Secured GET /api/my-documents?page=0&size=1&sortBy=updatedAt&sortDirection=DESC
2026-07-11T23:16:00.232+05:30 DEBUG 18564 --- [http-nio-8080-exec-6] o.s.security.web.FilterChainProxy        : Secured GET /api/my-documents?page=0&size=1&sortBy=updatedAt&sortDirection=DESC&starred=true
2026-07-11T23:16:01.615+05:30 DEBUG 18564 --- [http-nio-8080-exec-5] o.s.security.web.FilterChainProxy        : Securing GET /api/admin/notifications?page=0&pageSize=20
2026-07-11T23:16:01.615+05:30 DEBUG 18564 --- [http-nio-8080-exec-10] o.s.security.web.FilterChainProxy        : Securing GET /api/admin/dashboard
2026-07-11T23:16:01.844+05:30 DEBUG 18564 --- [http-nio-8080-exec-10] o.s.security.web.FilterChainProxy        : Secured GET /api/admin/dashboard
2026-07-11T23:16:01.844+05:30 DEBUG 18564 --- [http-nio-8080-exec-5] o.s.security.web.FilterChainProxy        : Secured GET /api/admin/notifications?page=0&pageSize=20
2026-07-11T23:16:01.848+05:30 DEBUG 18564 --- [http-nio-8080-exec-10] horizationManagerBeforeMethodInterceptor : Authorizing method invocation ReflectiveMethodInvocation: public org.springframework.http.ResponseEntity com.docusphere.backend.admin.dashboard.controller.AdminDashboardController.getDashboard(); target is of class [com.docusphere.backend.admin.dashboard.controller.AdminDashboardController]
2026-07-11T23:16:01.848+05:30 DEBUG 18564 --- [http-nio-8080-exec-5] horizationManagerBeforeMethodInterceptor : Authorizing method invocation ReflectiveMethodInvocation: public org.springframework.http.ResponseEntity com.docusphere.backend.notification.controller.AdminNotificationController.list(jakarta.servlet.http.HttpServletRequest,int,int); target is of class [com.docusphere.backend.notification.controller.AdminNotificationController]
2026-07-11T23:16:01.850+05:30 DEBUG 18564 --- [http-nio-8080-exec-5] horizationManagerBeforeMethodInterceptor : Authorized method invocation ReflectiveMethodInvocation: public org.springframework.http.ResponseEntity com.docusphere.backend.notification.controller.AdminNotificationController.list(jakarta.servlet.http.HttpServletRequest,int,int); target is of class [com.docusphere.backend.notification.controller.AdminNotificationController]
2026-07-11T23:16:01.850+05:30 DEBUG 18564 --- [http-nio-8080-exec-10] horizationManagerBeforeMethodInterceptor : Authorized method invocation ReflectiveMethodInvocation: public org.springframework.http.ResponseEntity com.docusphere.backend.admin.dashboard.controller.AdminDashboardController.getDashboard(); target is of class [com.docusphere.backend.admin.dashboard.controller.AdminDashboardController]
2026-07-11T23:16:02.012+05:30 DEBUG 18564 --- [http-nio-8080-exec-7] o.s.security.web.FilterChainProxy        : Securing GET /api/admin/notifications?page=0&pageSize=20
2026-07-11T23:16:02.015+05:30 DEBUG 18564 --- [http-nio-8080-exec-8] o.s.security.web.FilterChainProxy        : Securing GET /api/admin/notifications/unread-count
2026-07-11T23:16:02.167+05:30 DEBUG 18564 --- [http-nio-8080-exec-7] o.s.security.web.FilterChainProxy        : Secured GET /api/admin/notifications?page=0&pageSize=20
2026-07-11T23:16:02.172+05:30 DEBUG 18564 --- [http-nio-8080-exec-7] horizationManagerBeforeMethodInterceptor : Authorizing method invocation ReflectiveMethodInvocation: public org.springframework.http.ResponseEntity com.docusphere.backend.notification.controller.AdminNotificationController.list(jakarta.servlet.http.HttpServletRequest,int,int); target is of class [com.docusphere.backend.notification.controller.AdminNotificationController]
2026-07-11T23:16:02.175+05:30 DEBUG 18564 --- [http-nio-8080-exec-7] horizationManagerBeforeMethodInterceptor : Authorized method invocation ReflectiveMethodInvocation: public org.springframework.http.ResponseEntity com.docusphere.backend.notification.controller.AdminNotificationController.list(jakarta.servlet.http.HttpServletRequest,int,int); target is of class [com.docusphere.backend.notification.controller.AdminNotificationController]
2026-07-11T23:16:02.233+05:30 DEBUG 18564 --- [http-nio-8080-exec-8] o.s.security.web.FilterChainProxy        : Secured GET /api/admin/notifications/unread-count
2026-07-11T23:16:02.237+05:30 DEBUG 18564 --- [http-nio-8080-exec-8] horizationManagerBeforeMethodInterceptor : Authorizing method invocation ReflectiveMethodInvocation: public org.springframework.http.ResponseEntity com.docusphere.backend.notification.controller.AdminNotificationController.unreadCount(jakarta.servlet.http.HttpServletRequest); target is of class [com.docusphere.backend.notification.controller.AdminNotificationController]
2026-07-11T23:16:02.238+05:30 DEBUG 18564 --- [http-nio-8080-exec-8] horizationManagerBeforeMethodInterceptor : Authorized method invocation ReflectiveMethodInvocation: public org.springframework.http.ResponseEntity com.docusphere.backend.notification.controller.AdminNotificationController.unreadCount(jakarta.servlet.http.HttpServletRequest); target is of class [com.docusphere.backend.notification.controller.AdminNotificationController]
2026-07-11T23:16:02.401+05:30 DEBUG 18564 --- [http-nio-8080-exec-9] o.s.security.web.FilterChainProxy        : Securing GET /api/admin/notifications/unread-count
2026-07-11T23:16:02.434+05:30  INFO 18564 --- [http-nio-8080-exec-10] c.d.b.a.d.service.AdminDashboardService  : Fetched active sessions from auth.sessions: 0
2026-07-11T23:16:02.508+05:30  INFO 18564 --- [http-nio-8080-exec-10] c.d.b.a.d.service.AdminDashboardService  : Falling back to unique active team members count: 5
2026-07-11T23:16:02.510+05:30  INFO 18564 --- [http-nio-8080-exec-10] c.d.b.a.d.service.AdminDashboardService  : Dashboard counts - Users: 12, Docs: 118, Teams: 10, Sessions: 5
2026-07-11T23:16:02.553+05:30 DEBUG 18564 --- [http-nio-8080-exec-9] o.s.security.web.FilterChainProxy        : Secured GET /api/admin/notifications/unread-count
2026-07-11T23:16:02.558+05:30 DEBUG 18564 --- [http-nio-8080-exec-9] horizationManagerBeforeMethodInterceptor : Authorizing method invocation ReflectiveMethodInvocation: public org.springframework.http.ResponseEntity com.docusphere.backend.notification.controller.AdminNotificationController.unreadCount(jakarta.servlet.http.HttpServletRequest); target is of class [com.docusphere.backend.notification.controller.AdminNotificationController]
2026-07-11T23:16:02.558+05:30 DEBUG 18564 --- [http-nio-8080-exec-9] horizationManagerBeforeMethodInterceptor : Authorized method invocation ReflectiveMethodInvocation: public org.springframework.http.ResponseEntity com.docusphere.backend.notification.controller.AdminNotificationController.unreadCount(jakarta.servlet.http.HttpServletRequest); target is of class [com.docusphere.backend.notification.controller.AdminNotificationController]
2026-07-11T23:16:02.941+05:30  INFO 18564 --- [http-nio-8080-exec-10] c.d.b.a.d.service.AdminDashboardService  : Growth metrics - Docs: -71.43%, Users: -100.0%, Teams: 100.0%, Sessions: 0.0%
2026-07-11T23:16:03.028+05:30  INFO 18564 --- [http-nio-8080-exec-10] c.d.b.a.d.service.AdminDashboardService  : Monthly uploads data found: 5 records
2026-07-11T23:16:03.182+05:30  INFO 18564 --- [http-nio-8080-exec-10] c.d.b.a.d.service.AdminDashboardService  : Top teams data found: 5 records
2026-07-11T23:16:03.182+05:30  INFO 18564 --- [http-nio-8080-exec-10] c.d.b.a.d.service.AdminDashboardService  : Dashboard data successfully compiled
2026-07-11T23:16:03.225+05:30 DEBUG 18564 --- [http-nio-8080-exec-3] o.s.security.web.FilterChainProxy        : Securing GET /api/admin/dashboard
2026-07-11T23:16:03.446+05:30 DEBUG 18564 --- [http-nio-8080-exec-3] o.s.security.web.FilterChainProxy        : Secured GET /api/admin/dashboard
2026-07-11T23:16:03.446+05:30 DEBUG 18564 --- [http-nio-8080-exec-3] horizationManagerBeforeMethodInterceptor : Authorizing method invocation ReflectiveMethodInvocation: public org.springframework.http.ResponseEntity com.docusphere.backend.admin.dashboard.controller.AdminDashboardController.getDashboard(); target is of class [com.docusphere.backend.admin.dashboard.controller.AdminDashboardController]
2026-07-11T23:16:03.446+05:30 DEBUG 18564 --- [http-nio-8080-exec-3] horizationManagerBeforeMethodInterceptor : Authorized method invocation ReflectiveMethodInvocation: public org.springframework.http.ResponseEntity com.docusphere.backend.admin.dashboard.controller.AdminDashboardController.getDashboard(); target is of class [com.docusphere.backend.admin.dashboard.controller.AdminDashboardController]
2026-07-11T23:16:03.941+05:30  INFO 18564 --- [http-nio-8080-exec-3] c.d.b.a.d.service.AdminDashboardService  : Fetched active sessions from auth.sessions: 0
2026-07-11T23:16:04.015+05:30  INFO 18564 --- [http-nio-8080-exec-3] c.d.b.a.d.service.AdminDashboardService  : Falling back to unique active team members count: 5
2026-07-11T23:16:04.015+05:30  INFO 18564 --- [http-nio-8080-exec-3] c.d.b.a.d.service.AdminDashboardService  : Dashboard counts - Users: 12, Docs: 118, Teams: 10, Sessions: 5
2026-07-11T23:16:04.450+05:30  INFO 18564 --- [http-nio-8080-exec-3] c.d.b.a.d.service.AdminDashboardService  : Growth metrics - Docs: -71.43%, Users: -100.0%, Teams: 100.0%, Sessions: 0.0%
2026-07-11T23:16:04.525+05:30  INFO 18564 --- [http-nio-8080-exec-3] c.d.b.a.d.service.AdminDashboardService  : Monthly uploads data found: 5 records
2026-07-11T23:16:04.670+05:30  INFO 18564 --- [http-nio-8080-exec-3] c.d.b.a.d.service.AdminDashboardService  : Top teams data found: 5 records
2026-07-11T23:16:04.674+05:30  INFO 18564 --- [http-nio-8080-exec-3] c.d.b.a.d.service.AdminDashboardService  : Dashboard data successfully compiled
2026-07-11T23:16:04.694+05:30 DEBUG 18564 --- [http-nio-8080-exec-1] o.s.security.web.FilterChainProxy        : Securing GET /api/admin/dashboard
2026-07-11T23:16:04.919+05:30 DEBUG 18564 --- [http-nio-8080-exec-1] o.s.security.web.FilterChainProxy        : Secured GET /api/admin/dashboard
2026-07-11T23:16:04.920+05:30 DEBUG 18564 --- [http-nio-8080-exec-1] horizationManagerBeforeMethodInterceptor : Authorizing method invocation ReflectiveMethodInvocation: public org.springframework.http.ResponseEntity com.docusphere.backend.admin.dashboard.controller.AdminDashboardController.getDashboard(); target is of class [com.docusphere.backend.admin.dashboard.controller.AdminDashboardController]
2026-07-11T23:16:04.922+05:30 DEBUG 18564 --- [http-nio-8080-exec-1] horizationManagerBeforeMethodInterceptor : Authorized method invocation ReflectiveMethodInvocation: public org.springframework.http.ResponseEntity com.docusphere.backend.admin.dashboard.controller.AdminDashboardController.getDashboard(); target is of class [com.docusphere.backend.admin.dashboard.controller.AdminDashboardController]
2026-07-11T23:16:05.062+05:30 DEBUG 18564 --- [http-nio-8080-exec-2] o.s.security.web.FilterChainProxy        : Securing GET /api/admin/notifications?page=0&pageSize=20
2026-07-11T23:16:05.062+05:30 DEBUG 18564 --- [http-nio-8080-exec-6] o.s.security.web.FilterChainProxy        : Securing GET /api/notifications?page=0&pageSize=20
2026-07-11T23:16:05.210+05:30 DEBUG 18564 --- [http-nio-8080-exec-6] o.s.security.web.FilterChainProxy        : Secured GET /api/notifications?page=0&pageSize=20
2026-07-11T23:16:05.278+05:30 DEBUG 18564 --- [http-nio-8080-exec-2] o.s.security.web.FilterChainProxy        : Secured GET /api/admin/notifications?page=0&pageSize=20
2026-07-11T23:16:05.284+05:30 DEBUG 18564 --- [http-nio-8080-exec-2] horizationManagerBeforeMethodInterceptor : Authorizing method invocation ReflectiveMethodInvocation: public org.springframework.http.ResponseEntity com.docusphere.backend.notification.controller.AdminNotificationController.list(jakarta.servlet.http.HttpServletRequest,int,int); target is of class [com.docusphere.backend.notification.controller.AdminNotificationController]
2026-07-11T23:16:05.284+05:30 DEBUG 18564 --- [http-nio-8080-exec-2] horizationManagerBeforeMethodInterceptor : Authorized method invocation ReflectiveMethodInvocation: public org.springframework.http.ResponseEntity com.docusphere.backend.notification.controller.AdminNotificationController.list(jakarta.servlet.http.HttpServletRequest,int,int); target is of class [com.docusphere.backend.notification.controller.AdminNotificationController]
2026-07-11T23:16:05.408+05:30  INFO 18564 --- [http-nio-8080-exec-1] c.d.b.a.d.service.AdminDashboardService  : Fetched active sessions from auth.sessions: 0
2026-07-11T23:16:05.451+05:30 DEBUG 18564 --- [http-nio-8080-exec-4] o.s.security.web.FilterChainProxy        : Securing GET /api/admin/notifications?page=0&pageSize=20
2026-07-11T23:16:05.455+05:30 DEBUG 18564 --- [http-nio-8080-exec-5] o.s.security.web.FilterChainProxy        : Securing GET /api/admin/notifications/unread-count
2026-07-11T23:16:05.476+05:30 DEBUG 18564 --- [http-nio-8080-exec-7] o.s.security.web.FilterChainProxy        : Securing GET /api/notifications?page=0&pageSize=20
2026-07-11T23:16:05.476+05:30 DEBUG 18564 --- [http-nio-8080-exec-8] o.s.security.web.FilterChainProxy        : Securing GET /api/notifications/unread-count
2026-07-11T23:16:05.476+05:30  INFO 18564 --- [http-nio-8080-exec-1] c.d.b.a.d.service.AdminDashboardService  : Falling back to unique active team members count: 5
2026-07-11T23:16:05.487+05:30  INFO 18564 --- [http-nio-8080-exec-1] c.d.b.a.d.service.AdminDashboardService  : Dashboard counts - Users: 12, Docs: 118, Teams: 10, Sessions: 5
2026-07-11T23:16:05.604+05:30 DEBUG 18564 --- [http-nio-8080-exec-5] o.s.security.web.FilterChainProxy        : Secured GET /api/admin/notifications/unread-count
2026-07-11T23:16:05.607+05:30 DEBUG 18564 --- [http-nio-8080-exec-5] horizationManagerBeforeMethodInterceptor : Authorizing method invocation ReflectiveMethodInvocation: public org.springframework.http.ResponseEntity com.docusphere.backend.notification.controller.AdminNotificationController.unreadCount(jakarta.servlet.http.HttpServletRequest); target is of class [com.docusphere.backend.notification.controller.AdminNotificationController]
2026-07-11T23:16:05.607+05:30 DEBUG 18564 --- [http-nio-8080-exec-5] horizationManagerBeforeMethodInterceptor : Authorized method invocation ReflectiveMethodInvocation: public org.springframework.http.ResponseEntity com.docusphere.backend.notification.controller.AdminNotificationController.unreadCount(jakarta.servlet.http.HttpServletRequest); target is of class [com.docusphere.backend.notification.controller.AdminNotificationController]
2026-07-11T23:16:05.627+05:30 DEBUG 18564 --- [http-nio-8080-exec-7] o.s.security.web.FilterChainProxy        : Secured GET /api/notifications?page=0&pageSize=20
2026-07-11T23:16:05.664+05:30 DEBUG 18564 --- [http-nio-8080-exec-4] o.s.security.web.FilterChainProxy        : Secured GET /api/admin/notifications?page=0&pageSize=20
2026-07-11T23:16:05.677+05:30 DEBUG 18564 --- [http-nio-8080-exec-4] horizationManagerBeforeMethodInterceptor : Authorizing method invocation ReflectiveMethodInvocation: public org.springframework.http.ResponseEntity com.docusphere.backend.notification.controller.AdminNotificationController.list(jakarta.servlet.http.HttpServletRequest,int,int); target is of class [com.docusphere.backend.notification.controller.AdminNotificationController]
2026-07-11T23:16:05.677+05:30 DEBUG 18564 --- [http-nio-8080-exec-4] horizationManagerBeforeMethodInterceptor : Authorized method invocation ReflectiveMethodInvocation: public org.springframework.http.ResponseEntity com.docusphere.backend.notification.controller.AdminNotificationController.list(jakarta.servlet.http.HttpServletRequest,int,int); target is of class [com.docusphere.backend.notification.controller.AdminNotificationController]
2026-07-11T23:16:05.698+05:30 DEBUG 18564 --- [http-nio-8080-exec-8] o.s.security.web.FilterChainProxy        : Secured GET /api/notifications/unread-count
2026-07-11T23:16:05.844+05:30 DEBUG 18564 --- [http-nio-8080-exec-9] o.s.security.web.FilterChainProxy        : Securing GET /api/admin/notifications/unread-count
2026-07-11T23:16:05.915+05:30  INFO 18564 --- [http-nio-8080-exec-1] c.d.b.a.d.service.AdminDashboardService  : Growth metrics - Docs: -71.43%, Users: -100.0%, Teams: 100.0%, Sessions: 0.0%
2026-07-11T23:16:05.944+05:30 DEBUG 18564 --- [http-nio-8080-exec-10] o.s.security.web.FilterChainProxy        : Securing GET /api/notifications/unread-count
2026-07-11T23:16:05.990+05:30  INFO 18564 --- [http-nio-8080-exec-1] c.d.b.a.d.service.AdminDashboardService  : Monthly uploads data found: 5 records
2026-07-11T23:16:05.994+05:30 DEBUG 18564 --- [http-nio-8080-exec-9] o.s.security.web.FilterChainProxy        : Secured GET /api/admin/notifications/unread-count
2026-07-11T23:16:05.994+05:30 DEBUG 18564 --- [http-nio-8080-exec-9] horizationManagerBeforeMethodInterceptor : Authorizing method invocation ReflectiveMethodInvocation: public org.springframework.http.ResponseEntity com.docusphere.backend.notification.controller.AdminNotificationController.unreadCount(jakarta.servlet.http.HttpServletRequest); target is of class [com.docusphere.backend.notification.controller.AdminNotificationController]
2026-07-11T23:16:05.994+05:30 DEBUG 18564 --- [http-nio-8080-exec-9] horizationManagerBeforeMethodInterceptor : Authorized method invocation ReflectiveMethodInvocation: public org.springframework.http.ResponseEntity com.docusphere.backend.notification.controller.AdminNotificationController.unreadCount(jakarta.servlet.http.HttpServletRequest); target is of class [com.docusphere.backend.notification.controller.AdminNotificationController]
2026-07-11T23:16:06.094+05:30 DEBUG 18564 --- [http-nio-8080-exec-10] o.s.security.web.FilterChainProxy        : Secured GET /api/notifications/unread-count
2026-07-11T23:16:06.129+05:30  INFO 18564 --- [http-nio-8080-exec-1] c.d.b.a.d.service.AdminDashboardService  : Top teams data found: 5 records
2026-07-11T23:16:06.129+05:30  INFO 18564 --- [http-nio-8080-exec-1] c.d.b.a.d.service.AdminDashboardService  : Dashboard data successfully compiled
2026-07-11T23:16:06.157+05:30 DEBUG 18564 --- [http-nio-8080-exec-3] o.s.security.web.FilterChainProxy        : Securing GET /api/admin/dashboard
2026-07-11T23:16:06.307+05:30 DEBUG 18564 --- [http-nio-8080-exec-3] o.s.security.web.FilterChainProxy        : Secured GET /api/admin/dashboard
2026-07-11T23:16:06.307+05:30 DEBUG 18564 --- [http-nio-8080-exec-3] horizationManagerBeforeMethodInterceptor : Authorizing method invocation ReflectiveMethodInvocation: public org.springframework.http.ResponseEntity com.docusphere.backend.admin.dashboard.controller.AdminDashboardController.getDashboard(); target is of class [com.docusphere.backend.admin.dashboard.controller.AdminDashboardController]
2026-07-11T23:16:06.315+05:30 DEBUG 18564 --- [http-nio-8080-exec-3] horizationManagerBeforeMethodInterceptor : Authorized method invocation ReflectiveMethodInvocation: public org.springframework.http.ResponseEntity com.docusphere.backend.admin.dashboard.controller.AdminDashboardController.getDashboard(); target is of class [com.docusphere.backend.admin.dashboard.controller.AdminDashboardController]
2026-07-11T23:16:06.811+05:30  INFO 18564 --- [http-nio-8080-exec-3] c.d.b.a.d.service.AdminDashboardService  : Fetched active sessions from auth.sessions: 0
2026-07-11T23:16:06.882+05:30  INFO 18564 --- [http-nio-8080-exec-3] c.d.b.a.d.service.AdminDashboardService  : Falling back to unique active team members count: 5
2026-07-11T23:16:06.882+05:30  INFO 18564 --- [http-nio-8080-exec-3] c.d.b.a.d.service.AdminDashboardService  : Dashboard counts - Users: 12, Docs: 118, Teams: 10, Sessions: 5
2026-07-11T23:16:07.309+05:30  INFO 18564 --- [http-nio-8080-exec-3] c.d.b.a.d.service.AdminDashboardService  : Growth metrics - Docs: -71.43%, Users: -100.0%, Teams: 100.0%, Sessions: 0.0%
2026-07-11T23:16:07.382+05:30  INFO 18564 --- [http-nio-8080-exec-3] c.d.b.a.d.service.AdminDashboardService  : Monthly uploads data found: 5 records
2026-07-11T23:16:07.457+05:30  INFO 18564 --- [http-nio-8080-exec-3] c.d.b.a.d.service.AdminDashboardService  : Top teams data found: 5 records
2026-07-11T23:16:07.457+05:30  INFO 18564 --- [http-nio-8080-exec-3] c.d.b.a.d.service.AdminDashboardService  : Dashboard data successfully compiled
2026-07-11T23:16:07.474+05:30 DEBUG 18564 --- [http-nio-8080-exec-2] o.s.security.web.FilterChainProxy        : Securing GET /api/admin/dashboard
2026-07-11T23:16:07.707+05:30 DEBUG 18564 --- [http-nio-8080-exec-2] o.s.security.web.FilterChainProxy        : Secured GET /api/admin/dashboard
2026-07-11T23:16:07.713+05:30 DEBUG 18564 --- [http-nio-8080-exec-2] horizationManagerBeforeMethodInterceptor : Authorizing method invocation ReflectiveMethodInvocation: public org.springframework.http.ResponseEntity com.docusphere.backend.admin.dashboard.controller.AdminDashboardController.getDashboard(); target is of class [com.docusphere.backend.admin.dashboard.controller.AdminDashboardController]
2026-07-11T23:16:07.713+05:30 DEBUG 18564 --- [http-nio-8080-exec-2] horizationManagerBeforeMethodInterceptor : Authorized method invocation ReflectiveMethodInvocation: public org.springframework.http.ResponseEntity com.docusphere.backend.admin.dashboard.controller.AdminDashboardController.getDashboard(); target is of class [com.docusphere.backend.admin.dashboard.controller.AdminDashboardController]
2026-07-11T23:16:08.525+05:30  INFO 18564 --- [http-nio-8080-exec-2] c.d.b.a.d.service.AdminDashboardService  : Fetched active sessions from auth.sessions: 0
2026-07-11T23:16:08.594+05:30  INFO 18564 --- [http-nio-8080-exec-2] c.d.b.a.d.service.AdminDashboardService  : Falling back to unique active team members count: 5
2026-07-11T23:16:08.594+05:30  INFO 18564 --- [http-nio-8080-exec-2] c.d.b.a.d.service.AdminDashboardService  : Dashboard counts - Users: 12, Docs: 118, Teams: 10, Sessions: 5
2026-07-11T23:16:09.029+05:30  INFO 18564 --- [http-nio-8080-exec-2] c.d.b.a.d.service.AdminDashboardService  : Growth metrics - Docs: -71.43%, Users: -100.0%, Teams: 100.0%, Sessions: 0.0%
2026-07-11T23:16:09.103+05:30  INFO 18564 --- [http-nio-8080-exec-2] c.d.b.a.d.service.AdminDashboardService  : Monthly uploads data found: 5 records
2026-07-11T23:16:09.241+05:30  INFO 18564 --- [http-nio-8080-exec-2] c.d.b.a.d.service.AdminDashboardService  : Top teams data found: 5 records
2026-07-11T23:16:09.241+05:30  INFO 18564 --- [http-nio-8080-exec-2] c.d.b.a.d.service.AdminDashboardService  : Dashboard data successfully compiled
2026-07-11T23:16:09.257+05:30 DEBUG 18564 --- [http-nio-8080-exec-6] o.s.security.web.FilterChainProxy        : Securing GET /api/admin/dashboard
2026-07-11T23:16:09.373+05:30 DEBUG 18564 --- [http-nio-8080-exec-5] o.s.security.web.FilterChainProxy        : Securing GET /api/admin/notifications?page=0&pageSize=20
2026-07-11T23:16:09.497+05:30 DEBUG 18564 --- [http-nio-8080-exec-6] o.s.security.web.FilterChainProxy        : Secured GET /api/admin/dashboard
2026-07-11T23:16:09.500+05:30 DEBUG 18564 --- [http-nio-8080-exec-6] horizationManagerBeforeMethodInterceptor : Authorizing method invocation ReflectiveMethodInvocation: public org.springframework.http.ResponseEntity com.docusphere.backend.admin.dashboard.controller.AdminDashboardController.getDashboard(); target is of class [com.docusphere.backend.admin.dashboard.controller.AdminDashboardController]
2026-07-11T23:16:09.500+05:30 DEBUG 18564 --- [http-nio-8080-exec-6] horizationManagerBeforeMethodInterceptor : Authorized method invocation ReflectiveMethodInvocation: public org.springframework.http.ResponseEntity com.docusphere.backend.admin.dashboard.controller.AdminDashboardController.getDashboard(); target is of class [com.docusphere.backend.admin.dashboard.controller.AdminDashboardController]
2026-07-11T23:16:09.526+05:30 DEBUG 18564 --- [http-nio-8080-exec-5] o.s.security.web.FilterChainProxy        : Secured GET /api/admin/notifications?page=0&pageSize=20
2026-07-11T23:16:09.527+05:30 DEBUG 18564 --- [http-nio-8080-exec-5] horizationManagerBeforeMethodInterceptor : Authorizing method invocation ReflectiveMethodInvocation: public org.springframework.http.ResponseEntity com.docusphere.backend.notification.controller.AdminNotificationController.list(jakarta.servlet.http.HttpServletRequest,int,int); target is of class [com.docusphere.backend.notification.controller.AdminNotificationController]
2026-07-11T23:16:09.530+05:30 DEBUG 18564 --- [http-nio-8080-exec-5] horizationManagerBeforeMethodInterceptor : Authorized method invocation ReflectiveMethodInvocation: public org.springframework.http.ResponseEntity com.docusphere.backend.notification.controller.AdminNotificationController.list(jakarta.servlet.http.HttpServletRequest,int,int); target is of class [com.docusphere.backend.notification.controller.AdminNotificationController]
2026-07-11T23:16:09.701+05:30 DEBUG 18564 --- [http-nio-8080-exec-4] o.s.security.web.FilterChainProxy        : Securing GET /api/admin/notifications/unread-count
2026-07-11T23:16:09.920+05:30 DEBUG 18564 --- [http-nio-8080-exec-4] o.s.security.web.FilterChainProxy        : Secured GET /api/admin/notifications/unread-count
2026-07-11T23:16:09.920+05:30 DEBUG 18564 --- [http-nio-8080-exec-4] horizationManagerBeforeMethodInterceptor : Authorizing method invocation ReflectiveMethodInvocation: public org.springframework.http.ResponseEntity com.docusphere.backend.notification.controller.AdminNotificationController.unreadCount(jakarta.servlet.http.HttpServletRequest); target is of class [com.docusphere.backend.notification.controller.AdminNotificationController]
2026-07-11T23:16:09.924+05:30 DEBUG 18564 --- [http-nio-8080-exec-4] horizationManagerBeforeMethodInterceptor : Authorized method invocation ReflectiveMethodInvocation: public org.springframework.http.ResponseEntity com.docusphere.backend.notification.controller.AdminNotificationController.unreadCount(jakarta.servlet.http.HttpServletRequest); target is of class [com.docusphere.backend.notification.controller.AdminNotificationController]
2026-07-11T23:16:09.988+05:30  INFO 18564 --- [http-nio-8080-exec-6] c.d.b.a.d.service.AdminDashboardService  : Fetched active sessions from auth.sessions: 0
2026-07-11T23:16:10.068+05:30  INFO 18564 --- [http-nio-8080-exec-6] c.d.b.a.d.service.AdminDashboardService  : Falling back to unique active team members count: 5
2026-07-11T23:16:10.070+05:30  INFO 18564 --- [http-nio-8080-exec-6] c.d.b.a.d.service.AdminDashboardService  : Dashboard counts - Users: 12, Docs: 118, Teams: 10, Sessions: 5
2026-07-11T23:16:10.502+05:30  INFO 18564 --- [http-nio-8080-exec-6] c.d.b.a.d.service.AdminDashboardService  : Growth metrics - Docs: -71.43%, Users: -100.0%, Teams: 100.0%, Sessions: 0.0%
2026-07-11T23:16:10.575+05:30  INFO 18564 --- [http-nio-8080-exec-6] c.d.b.a.d.service.AdminDashboardService  : Monthly uploads data found: 5 records
2026-07-11T23:16:10.649+05:30  INFO 18564 --- [http-nio-8080-exec-6] c.d.b.a.d.service.AdminDashboardService  : Top teams data found: 5 records
2026-07-11T23:16:10.649+05:30  INFO 18564 --- [http-nio-8080-exec-6] c.d.b.a.d.service.AdminDashboardService  : Dashboard data successfully compiled
2026-07-11T23:16:19.326+05:30  INFO 18564 --- [SpringApplicationShutdownHook] o.s.b.w.e.tomcat.GracefulShutdown        : Commencing graceful shutdown. Waiting for active requests to complete
2026-07-11T23:16:19.336+05:30  INFO 18564 --- [tomcat-shutdown] o.s.b.w.e.tomcat.GracefulShutdown        : Graceful shutdown complete
2026-07-11T23:16:19.340+05:30  INFO 18564 --- [SpringApplicationShutdownHook] o.s.m.s.b.SimpleBrokerMessageHandler     : Stopping...
2026-07-11T23:16:19.340+05:30  INFO 18564 --- [SpringApplicationShutdownHook] o.s.m.s.b.SimpleBrokerMessageHandler     : BrokerAvailabilityEvent[available=false, SimpleBrokerMessageHandler [org.springframework.messaging.simp.broker.DefaultSubscriptionRegistry@32fc54b7]]
2026-07-11T23:16:19.340+05:30  INFO 18564 --- [SpringApplicationShutdownHook] o.s.m.s.b.SimpleBrokerMessageHandler     : Stopped.
2026-07-11T23:16:19.354+05:30  INFO 18564 --- [SpringApplicationShutdownHook] j.LocalContainerEntityManagerFactoryBean : Closing JPA EntityManagerFactory for persistence unit 'default'
2026-07-11T23:16:19.361+05:30  INFO 18564 --- [SpringApplicationShutdownHook] com.zaxxer.hikari.HikariDataSource       : HikariPool-1 - Shutdown initiated...
2026-07-11T23:16:19.709+05:30  INFO 18564 --- [SpringApplicationShutdownHook] com.zaxxer.hikari.HikariDataSource       : HikariPool-1 - Shutdown completed.
